Archive member included to satisfy reference by file (symbol)

.\CortexM3\ARM_GCC_541\Debug\Design01.a(SW.o)
                              .\CortexM3\ARM_GCC_541\Debug\main.o (SW_Read)
.\CortexM3\ARM_GCC_541\Debug\Design01.a(SW2.o)
                              .\CortexM3\ARM_GCC_541\Debug\main.o (SW2_Read)
.\CortexM3\ARM_GCC_541\Debug\Design01.a(CyDmac.o)
                              .\CortexM3\ARM_GCC_541\Debug\Cm3Start.o (CyDmacConfigure)
.\CortexM3\ARM_GCC_541\Debug\Design01.a(CyLib.o)
                              .\CortexM3\ARM_GCC_541\Debug\Cm3Start.o (CyHalt)
.\CortexM3\ARM_GCC_541\Debug\Design01.a(cyPm.o)
                              .\CortexM3\ARM_GCC_541\Debug\Design01.a(CyLib.o) (CyPmReadStatus)
.\CortexM3\ARM_GCC_541\Debug\Design01.a(LCD.o)
                              .\CortexM3\ARM_GCC_541\Debug\main.o (LCD_PrintString)
.\CortexM3\ARM_GCC_541\Debug\Design01.a(Driver.o)
                              .\CortexM3\ARM_GCC_541\Debug\main.o (Driver_Start)
.\CortexM3\ARM_GCC_541\Debug\Design01.a(Driver_Com_Driver.o)
                              .\CortexM3\ARM_GCC_541\Debug\Design01.a(Driver.o) (Driver_Com_Driver_Write)
.\CortexM3\ARM_GCC_541\Debug\Design01.a(Driver_DMA_Com_dma.o)
                              .\CortexM3\ARM_GCC_541\Debug\Design01.a(Driver.o) (Driver_DMA_Com_DmaInitialize)
.\CortexM3\ARM_GCC_541\Debug\Design01.a(Driver_DMA_Seg_dma.o)
                              .\CortexM3\ARM_GCC_541\Debug\Design01.a(Driver.o) (Driver_DMA_Seg_DmaInitialize)
.\CortexM3\ARM_GCC_541\Debug\Design01.a(Driver1.o)
                              .\CortexM3\ARM_GCC_541\Debug\main.o (Driver1_Start)
.\CortexM3\ARM_GCC_541\Debug\Design01.a(Driver1_Com_Driver.o)
                              .\CortexM3\ARM_GCC_541\Debug\Design01.a(Driver1.o) (Driver1_Com_Driver_Write)
.\CortexM3\ARM_GCC_541\Debug\Design01.a(Driver1_DMA_Com_dma.o)
                              .\CortexM3\ARM_GCC_541\Debug\Design01.a(Driver1.o) (Driver1_DMA_Com_DmaInitialize)
.\CortexM3\ARM_GCC_541\Debug\Design01.a(Driver1_DMA_Seg_dma.o)
                              .\CortexM3\ARM_GCC_541\Debug\Design01.a(Driver1.o) (Driver1_DMA_Seg_DmaInitialize)
.\CortexM3\ARM_GCC_541\Debug\Design01.a(CyBootAsmGnu.o)
                              .\CortexM3\ARM_GCC_541\Debug\cyfitter_cfg.o (CyDelayCycles)
.\CortexM3\ARM_GCC_541\Debug\Design01.a(CyFlash.o)
                              .\CortexM3\ARM_GCC_541\Debug\Design01.a(cyPm.o) (CyFlash_SetWaitCycles)
.\CortexM3\ARM_GCC_541\Debug\Design01.a(CySpc.o)
                              .\CortexM3\ARM_GCC_541\Debug\Design01.a(CyFlash.o) (CySpcStart)
c:/program files (x86)/cypress/psoc creator/4.2/psoc creator/import/gnu/arm/5.4.1/bin/../lib/gcc/arm-none-eabi/5.4.1/../../../../arm-none-eabi/lib/armv7-m\libg_nano.a(lib_a-errno.o)
                              .\CortexM3\ARM_GCC_541\Debug\Cm3Start.o (__errno)
c:/program files (x86)/cypress/psoc creator/4.2/psoc creator/import/gnu/arm/5.4.1/bin/../lib/gcc/arm-none-eabi/5.4.1/../../../../arm-none-eabi/lib/armv7-m\libg_nano.a(lib_a-exit.o)
                              c:/program files (x86)/cypress/psoc creator/4.2/psoc creator/import/gnu/arm/5.4.1/bin/../lib/gcc/arm-none-eabi/5.4.1/../../../../arm-none-eabi/lib/armv7-m/crt0.o (exit)
c:/program files (x86)/cypress/psoc creator/4.2/psoc creator/import/gnu/arm/5.4.1/bin/../lib/gcc/arm-none-eabi/5.4.1/../../../../arm-none-eabi/lib/armv7-m\libg_nano.a(lib_a-impure.o)
                              c:/program files (x86)/cypress/psoc creator/4.2/psoc creator/import/gnu/arm/5.4.1/bin/../lib/gcc/arm-none-eabi/5.4.1/../../../../arm-none-eabi/lib/armv7-m\libg_nano.a(lib_a-exit.o) (_global_impure_ptr)
c:/program files (x86)/cypress/psoc creator/4.2/psoc creator/import/gnu/arm/5.4.1/bin/../lib/gcc/arm-none-eabi/5.4.1/../../../../arm-none-eabi/lib/armv7-m\libg_nano.a(lib_a-init.o)
                              c:/program files (x86)/cypress/psoc creator/4.2/psoc creator/import/gnu/arm/5.4.1/bin/../lib/gcc/arm-none-eabi/5.4.1/../../../../arm-none-eabi/lib/armv7-m/crt0.o (__libc_init_array)
c:/program files (x86)/cypress/psoc creator/4.2/psoc creator/import/gnu/arm/5.4.1/bin/../lib/gcc/arm-none-eabi/5.4.1/../../../../arm-none-eabi/lib/armv7-m\libg_nano.a(lib_a-memcpy-stub.o)
                              .\CortexM3\ARM_GCC_541\Debug\cyfitter_cfg.o (memcpy)
c:/program files (x86)/cypress/psoc creator/4.2/psoc creator/import/gnu/arm/5.4.1/bin/../lib/gcc/arm-none-eabi/5.4.1/../../../../arm-none-eabi/lib/armv7-m\libg_nano.a(lib_a-memset.o)
                              c:/program files (x86)/cypress/psoc creator/4.2/psoc creator/import/gnu/arm/5.4.1/bin/../lib/gcc/arm-none-eabi/5.4.1/../../../../arm-none-eabi/lib/armv7-m/crt0.o (memset)
c:/program files (x86)/cypress/psoc creator/4.2/psoc creator/import/gnu/arm/5.4.1/bin/../lib/gcc/arm-none-eabi/5.4.1/../../../../arm-none-eabi/lib/armv7-m\libg_nano.a(lib_a-sprintf.o)
                              .\CortexM3\ARM_GCC_541\Debug\main.o (sprintf)
[...]
Memory Configuration

Name             Origin             Length             Attributes
rom              0x00000000         0x00040000         xr
ram              0x1fff8000         0x00010000         xrw
*default*        0x00000000         0xffffffff

Linker script and memory map

LOAD c:/program files (x86)/cypress/psoc creator/4.2/psoc creator/import/gnu/arm/5.4.1/bin/../lib/gcc/arm-none-eabi/5.4.1/armv7-m/crti.o
LOAD c:/program files (x86)/cypress/psoc creator/4.2/psoc creator/import/gnu/arm/5.4.1/bin/../lib/gcc/arm-none-eabi/5.4.1/armv7-m/crtbegin.o
LOAD c:/program files (x86)/cypress/psoc creator/4.2/psoc creator/import/gnu/arm/5.4.1/bin/../lib/gcc/arm-none-eabi/5.4.1/../../../../arm-none-eabi/lib/armv7-m/crt0.o
START GROUP
LOAD .\CortexM3\ARM_GCC_541\Debug\main.o
LOAD .\CortexM3\ARM_GCC_541\Debug\cyfitter_cfg.o
LOAD .\CortexM3\ARM_GCC_541\Debug\cymetadata.o
LOAD .\CortexM3\ARM_GCC_541\Debug\Cm3Start.o
LOAD .\CortexM3\ARM_GCC_541\Debug\Design01.a
LOAD C:\Program Files (x86)\Cypress\PSoC Creator\4.2\PSoC Creator\psoc\content\cycomponentlibrary\CyComponentLibrary.cylib\CortexM3\ARM_GCC_541\Debug\CyComponentLibrary.a
END GROUP
START GROUP
LOAD c:/program files (x86)/cypress/psoc creator/4.2/psoc creator/import/gnu/arm/5.4.1/bin/../lib/gcc/arm-none-eabi/5.4.1/armv7-m\libgcc.a
LOAD c:/program files (x86)/cypress/psoc creator/4.2/psoc creator/import/gnu/arm/5.4.1/bin/../lib/gcc/arm-none-eabi/5.4.1/../../../../arm-none-eabi/lib/armv7-m\libg_nano.a
LOAD c:/program files (x86)/cypress/psoc creator/4.2/psoc creator/import/gnu/arm/5.4.1/bin/../lib/gcc/arm-none-eabi/5.4.1/../../../../arm-none-eabi/lib/armv7-m\libc_nano.a
END GROUP
START GROUP
LOAD c:/program files (x86)/cypress/psoc creator/4.2/psoc creator/import/gnu/arm/5.4.1/bin/../lib/gcc/arm-none-eabi/5.4.1/armv7-m\libgcc.a
LOAD c:/program files (x86)/cypress/psoc creator/4.2/psoc creator/import/gnu/arm/5.4.1/bin/../lib/gcc/arm-none-eabi/5.4.1/../../../../arm-none-eabi/lib/armv7-m\libc_nano.a
END GROUP
LOAD c:/program files (x86)/cypress/psoc creator/4.2/psoc creator/import/gnu/arm/5.4.1/bin/../lib/gcc/arm-none-eabi/5.4.1/armv7-m/crtend.o
LOAD c:/program files (x86)/cypress/psoc creator/4.2/psoc creator/import/gnu/arm/5.4.1/bin/../lib/gcc/arm-none-eabi/5.4.1/armv7-m/crtn.o
START GROUP
LOAD c:/program files (x86)/cypress/psoc creator/4.2/psoc creator/import/gnu/arm/5.4.1/bin/../lib/gcc/arm-none-eabi/5.4.1/armv7-m\libgcc.a
LOAD c:/program files (x86)/cypress/psoc creator/4.2/psoc creator/import/gnu/arm/5.4.1/bin/../lib/gcc/arm-none-eabi/5.4.1/../../../../arm-none-eabi/lib/armv7-m\libc.a
LOAD c:/program files (x86)/cypress/psoc creator/4.2/psoc creator/import/gnu/arm/5.4.1/bin/../lib/gcc/arm-none-eabi/5.4.1/../../../../arm-none-eabi/lib/armv7-m\libnosys.a
END GROUP
                0x00000000                CY_APPL_ORIGIN = 0x0
                0x00000100                CY_FLASH_ROW_SIZE = 0x100
                0x00000020                CY_ECC_ROW_SIZE = 0x20
                0x00000000                CY_EE_IN_BTLDR = 0x0
                0x00000000                CY_APPL_LOADABLE = 0x0
                0x00000800                CY_EE_SIZE = 0x800
                0x00000001                CY_APPL_NUM = 0x1
                0x00000001                CY_APPL_MAX = 0x1
                0x00000040                CY_METADATA_SIZE = 0x40
                0x00000000                CY_APPL_LOADABLE = 0x0
                0x00000000                CY_CHECKSUM_EXCLUDE_SIZE = ALIGN (0x0, CY_FLASH_ROW_SIZE)
                [!provide]                PROVIDE (__cy_heap_start, _end)
                0x00000001                PROVIDE (__cy_region_num, ((__cy_regions_end - __cy_regions) / 0x10))
                0x20008000                PROVIDE (__cy_stack, (ORIGIN (ram) + LENGTH (ram)))
                [!provide]                PROVIDE (__cy_heap_end, (__cy_stack - 0x800))

.cybootloader   0x00000000        0x0
 *(.cybootloader)
                0x00000000                appl1_start = CY_APPL_ORIGIN?CY_APPL_ORIGIN:ALIGN (CY_FLASH_ROW_SIZE)
                0x0001ff00                appl2_start = (appl1_start + ALIGN ((((LENGTH (rom) - appl1_start) - (0x2 * CY_FLASH_ROW_SIZE)) / 0x2), CY_FLASH_ROW_SIZE))
                0x00000000                appl_start = (CY_APPL_NUM == 0x1)?appl1_start:appl2_start
                0x00000000                ecc_offset = ((appl_start / CY_FLASH_ROW_SIZE) * CY_ECC_ROW_SIZE)
                0x00000000                ee_offset = (CY_APPL_LOADABLE && ! (CY_EE_IN_BTLDR))?((CY_EE_SIZE / CY_APPL_MAX) * (CY_APPL_NUM - 0x1)):0x0
                0x00000800                ee_size = (CY_APPL_LOADABLE && ! (CY_EE_IN_BTLDR))?(CY_EE_SIZE / CY_APPL_MAX):CY_EE_SIZE
                [!provide]                PROVIDE (CY_ECC_OFFSET, ecc_offset)

.text           0x00000000     0x1878
 CREATE_OBJECT_SYMBOLS
                0x00000000                PROVIDE (__cy_interrupt_vector, RomVectors)
 *(.romvectors)
 .romvectors    0x00000000       0x10 .\CortexM3\ARM_GCC_541\Debug\Cm3Start.o
                0x00000000                RomVectors
                0x00000001                ASSERT ((. != __cy_interrupt_vector), No interrupt vector)
                0x00000001                ASSERT (CY_APPL_ORIGIN?(SIZEOF (.cybootloader) <= CY_APPL_ORIGIN):0x1, Wrong image location)
                0x00000010                PROVIDE (__cy_reset, Reset)
 *(.text.Reset)
 .text.Reset    0x00000010       0x18 .\CortexM3\ARM_GCC_541\Debug\Cm3Start.o
                0x00000010                Reset
                0x00000001                ASSERT ((. != __cy_reset), No reset code)
 *(.dma_init)
                0x00000001                ASSERT ((((appl_start + .) <= 0x10000) || 0x1), DMA Init must be within the first 64k of flash)
 *(.text .text.* .gnu.linkonce.t.*)
 .text          0x00000028       0x5c c:/program files (x86)/cypress/psoc creator/4.2/psoc creator/import/gnu/arm/5.4.1/bin/../lib/gcc/arm-none-eabi/5.4.1/armv7-m/crtbegin.o
 .text.main     0x00000084      0x1ac .\CortexM3\ARM_GCC_541\Debug\main.o
                0x00000084                main
 .text.CyClockStartupError
                0x00000230        0x4 .\CortexM3\ARM_GCC_541\Debug\cyfitter_cfg.o
 .text.cfg_write_bytes32
                0x00000234       0x34 .\CortexM3\ARM_GCC_541\Debug\cyfitter_cfg.o
 .text.AnalogSetDefault
                0x00000268       0x28 .\CortexM3\ARM_GCC_541\Debug\cyfitter_cfg.o
 .text.CYMEMZERO
                0x00000290        0xc .\CortexM3\ARM_GCC_541\Debug\cyfitter_cfg.o
 .text.ClockSetup
                0x0000029c       0xdc .\CortexM3\ARM_GCC_541\Debug\cyfitter_cfg.o
 .text.CYCONFIGCPY
                0x00000378        0x8 .\CortexM3\ARM_GCC_541\Debug\cyfitter_cfg.o
 .text.cyfitter_cfg
                0x00000380      0x1e4 .\CortexM3\ARM_GCC_541\Debug\cyfitter_cfg.o
                0x00000380                cyfitter_cfg
 .text.IntDefaultHandler
                0x00000564       0x10 .\CortexM3\ARM_GCC_541\Debug\Cm3Start.o
                0x00000564                IntDefaultHandler
 .text._sbrk    0x00000574       0x30 .\CortexM3\ARM_GCC_541\Debug\Cm3Start.o
                0x00000574                _sbrk
 .text.Start_c  0x000005a4       0x4c .\CortexM3\ARM_GCC_541\Debug\Cm3Start.o
                0x000005a4                Start_c
 .text.initialize_psoc
                0x000005f0       0x6c .\CortexM3\ARM_GCC_541\Debug\Cm3Start.o
                0x000005f0                initialize_psoc
 .text.SW_Read  0x0000065c       0x10 .\CortexM3\ARM_GCC_541\Debug\Design01.a(SW.o)
                0x0000065c                SW_Read
 .text.SW2_Read
                0x0000066c       0x10 .\CortexM3\ARM_GCC_541\Debug\Design01.a(SW2.o)
                0x0000066c                SW2_Read
 .text.CyDmacConfigure
                0x0000067c       0x34 .\CortexM3\ARM_GCC_541\Debug\Design01.a(CyDmac.o)
                0x0000067c                CyDmacConfigure
 .text.CyDmaChEnable
                0x000006b0       0x38 .\CortexM3\ARM_GCC_541\Debug\Design01.a(CyDmac.o)
                0x000006b0                CyDmaChEnable
 .text.CyDmaChPriority
                0x000006e8       0x24 .\CortexM3\ARM_GCC_541\Debug\Design01.a(CyDmac.o)
                0x000006e8                CyDmaChPriority
 .text.CyDmaChSetExtendedAddress
                0x0000070c       0x34 .\CortexM3\ARM_GCC_541\Debug\Design01.a(CyDmac.o)
                0x0000070c                CyDmaChSetExtendedAddress
 .text.CyDmaChSetInitialTd
                0x00000740       0x18 .\CortexM3\ARM_GCC_541\Debug\Design01.a(CyDmac.o)
                0x00000740                CyDmaChSetInitialTd
 .text.CyDmaChSetConfiguration
                0x00000758       0x44 .\CortexM3\ARM_GCC_541\Debug\Design01.a(CyDmac.o)
                0x00000758                CyDmaChSetConfiguration
 .text.CyDmaTdAllocate
                0x0000079c       0x34 .\CortexM3\ARM_GCC_541\Debug\Design01.a(CyDmac.o)
                0x0000079c                CyDmaTdAllocate
 .text.CyDmaTdSetConfiguration
                0x000007d0       0x28 .\CortexM3\ARM_GCC_541\Debug\Design01.a(CyDmac.o)
                0x000007d0                CyDmaTdSetConfiguration
 .text.CyDmaTdSetAddress
                0x000007f8       0x1c .\CortexM3\ARM_GCC_541\Debug\Design01.a(CyDmac.o)
                0x000007f8                CyDmaTdSetAddress
 .text.CyDelay  0x00000814       0x2c .\CortexM3\ARM_GCC_541\Debug\Design01.a(CyLib.o)
                0x00000814                CyDelay
 .text.CyDelayUs
                0x00000840       0x14 .\CortexM3\ARM_GCC_541\Debug\Design01.a(CyLib.o)
                0x00000840                CyDelayUs
 .text.LCD_WrCntrlNib
                0x00000854       0x34 .\CortexM3\ARM_GCC_541\Debug\Design01.a(LCD.o)
 .text.LCD_WrDatNib
                0x00000888       0x44 .\CortexM3\ARM_GCC_541\Debug\Design01.a(LCD.o)
 .text.LCD_IsReady
                0x000008cc       0xe4 .\CortexM3\ARM_GCC_541\Debug\Design01.a(LCD.o)
                0x000008cc                LCD_IsReady
 .text.LCD_WriteData
                0x000009b0       0x18 .\CortexM3\ARM_GCC_541\Debug\Design01.a(LCD.o)
                0x000009b0                LCD_WriteData
 .text.LCD_PrintString
                0x000009c8       0x1c .\CortexM3\ARM_GCC_541\Debug\Design01.a(LCD.o)
                0x000009c8                LCD_PrintString
 .text.LCD_WriteControl
                0x000009e4       0x18 .\CortexM3\ARM_GCC_541\Debug\Design01.a(LCD.o)
                0x000009e4                LCD_WriteControl
 .text.LCD_Init
                0x000009fc       0x6c .\CortexM3\ARM_GCC_541\Debug\Design01.a(LCD.o)
                0x000009fc                LCD_Init
 .text.LCD_Enable
                0x00000a68       0x14 .\CortexM3\ARM_GCC_541\Debug\Design01.a(LCD.o)
                0x00000a68                LCD_Enable
 .text.LCD_Start
                0x00000a7c       0x1c .\CortexM3\ARM_GCC_541\Debug\Design01.a(LCD.o)
                0x00000a7c                LCD_Start
 .text.LCD_Position
                0x00000a98       0x3c .\CortexM3\ARM_GCC_541\Debug\Design01.a(LCD.o)
                0x00000a98                LCD_Position
 .text.Driver_DmaInit
                0x00000ad4      0x128 .\CortexM3\ARM_GCC_541\Debug\Design01.a(Driver.o)
 .text.Driver_DmaEnable
                0x00000bfc       0x2c .\CortexM3\ARM_GCC_541\Debug\Design01.a(Driver.o)
 .text.Driver_Enable
                0x00000c28       0x14 .\CortexM3\ARM_GCC_541\Debug\Design01.a(Driver.o)
                0x00000c28                Driver_Enable
 .text.Driver_ClearDisplayAll
                0x00000c3c       0x18 .\CortexM3\ARM_GCC_541\Debug\Design01.a(Driver.o)
                0x00000c3c                Driver_ClearDisplayAll
 .text.Driver_Init
                0x00000c54       0x1c .\CortexM3\ARM_GCC_541\Debug\Design01.a(Driver.o)
                0x00000c54                Driver_Init
 .text.Driver_Start
                0x00000c70       0x1c .\CortexM3\ARM_GCC_541\Debug\Design01.a(Driver.o)
                0x00000c70                Driver_Start
 .text.Driver_EncodeNumber7Seg
                0x00000c8c       0x10 .\CortexM3\ARM_GCC_541\Debug\Design01.a(Driver.o)
                0x00000c8c                Driver_EncodeNumber7Seg
 .text.Driver_Write7SegDigitDec
                0x00000c9c       0x1c .\CortexM3\ARM_GCC_541\Debug\Design01.a(Driver.o)
                0x00000c9c                Driver_Write7SegDigitDec
 .text.Driver_DMA_Com_DmaInitialize
                0x00000cb8       0x3c .\CortexM3\ARM_GCC_541\Debug\Design01.a(Driver_DMA_Com_dma.o)
                0x00000cb8                Driver_DMA_Com_DmaInitialize
 .text.Driver_DMA_Seg_DmaInitialize
                0x00000cf4       0x3c .\CortexM3\ARM_GCC_541\Debug\Design01.a(Driver_DMA_Seg_dma.o)
                0x00000cf4                Driver_DMA_Seg_DmaInitialize
 .text.Driver1_DmaInit
                0x00000d30      0x128 .\CortexM3\ARM_GCC_541\Debug\Design01.a(Driver1.o)
 .text.Driver1_DmaEnable
                0x00000e58       0x2c .\CortexM3\ARM_GCC_541\Debug\Design01.a(Driver1.o)
 .text.Driver1_Enable
                0x00000e84       0x14 .\CortexM3\ARM_GCC_541\Debug\Design01.a(Driver1.o)
                0x00000e84                Driver1_Enable
 .text.Driver1_ClearDisplayAll
                0x00000e98       0x18 .\CortexM3\ARM_GCC_541\Debug\Design01.a(Driver1.o)
                0x00000e98                Driver1_ClearDisplayAll
 .text.Driver1_Init
                0x00000eb0       0x1c .\CortexM3\ARM_GCC_541\Debug\Design01.a(Driver1.o)
                0x00000eb0                Driver1_Init
 .text.Driver1_Start
                0x00000ecc       0x1c .\CortexM3\ARM_GCC_541\Debug\Design01.a(Driver1.o)
                0x00000ecc                Driver1_Start
 .text.Driver1_EncodeNumber7Seg
                0x00000ee8       0x10 .\CortexM3\ARM_GCC_541\Debug\Design01.a(Driver1.o)
                0x00000ee8                Driver1_EncodeNumber7Seg
 .text.Driver1_Write7SegDigitDec
                0x00000ef8       0x1c .\CortexM3\ARM_GCC_541\Debug\Design01.a(Driver1.o)
                0x00000ef8                Driver1_Write7SegDigitDec
 .text.Driver1_DMA_Com_DmaInitialize
                0x00000f14       0x3c .\CortexM3\ARM_GCC_541\Debug\Design01.a(Driver1_DMA_Com_dma.o)
                0x00000f14                Driver1_DMA_Com_DmaInitialize
 .text.Driver1_DMA_Seg_DmaInitialize
                0x00000f50       0x3c .\CortexM3\ARM_GCC_541\Debug\Design01.a(Driver1_DMA_Seg_dma.o)
                0x00000f50                Driver1_DMA_Seg_DmaInitialize
 *fill*         0x00000f8c        0x4 
 .text          0x00000f90       0x20 .\CortexM3\ARM_GCC_541\Debug\Design01.a(CyBootAsmGnu.o)
                0x00000f90                CyDelayCycles
                0x00000fa0                CyEnterCriticalSection
                0x00000fa8                CyExitCriticalSection
 .text.__errno  0x00000fb0        0xc c:/program files (x86)/cypress/psoc creator/4.2/psoc creator/import/gnu/arm/5.4.1/bin/../lib/gcc/arm-none-eabi/5.4.1/../../../../arm-none-eabi/lib/armv7-m\libg_nano.a(lib_a-errno.o)
                0x00000fb0                __errno
 .text.__libc_init_array
                0x00000fbc       0x4c c:/program files (x86)/cypress/psoc creator/4.2/psoc creator/import/gnu/arm/5.4.1/bin/../lib/gcc/arm-none-eabi/5.4.1/../../../../arm-none-eabi/lib/armv7-m\libg_nano.a(lib_a-init.o)
                0x00000fbc                __libc_init_array
 .text.memcpy   0x00001008       0x16 c:/program files (x86)/cypress/psoc creator/4.2/psoc creator/import/gnu/arm/5.4.1/bin/../lib/gcc/arm-none-eabi/5.4.1/../../../../arm-none-eabi/lib/armv7-m\libg_nano.a(lib_a-memcpy-stub.o)
                0x00001008                memcpy
 .text.memset   0x0000101e       0x10 c:/program files (x86)/cypress/psoc creator/4.2/psoc creator/import/gnu/arm/5.4.1/bin/../lib/gcc/arm-none-eabi/5.4.1/../../../../arm-none-eabi/lib/armv7-m\libg_nano.a(lib_a-memset.o)
                0x0000101e                memset
 *fill*         0x0000102e        0x2 
 .text.sprintf  0x00001030       0x48 c:/program files (x86)/cypress/psoc creator/4.2/psoc creator/import/gnu/arm/5.4.1/bin/../lib/gcc/arm-none-eabi/5.4.1/../../../../arm-none-eabi/lib/armv7-m\libg_nano.a(lib_a-sprintf.o)
                0x00001030                siprintf
                0x00001030                sprintf
 .text.__ssputs_r
                0x00001078       0xb2 c:/program files (x86)/cypress/psoc creator/4.2/psoc creator/import/gnu/arm/5.4.1/bin/../lib/gcc/arm-none-eabi/5.4.1/../../../../arm-none-eabi/lib/armv7-m\libg_nano.a(lib_a-nano-svfprintf.o)
                0x00001078                __ssputs_r
 *fill*         0x0000112a        0x2 
 .text._svfprintf_r
                0x0000112c      0x1e8 c:/program files (x86)/cypress/psoc creator/4.2/psoc creator/import/gnu/arm/5.4.1/bin/../lib/gcc/arm-none-eabi/5.4.1/../../../../arm-none-eabi/lib/armv7-m\libg_nano.a(lib_a-nano-svfprintf.o)
                0x0000112c                _svfiprintf_r
                0x0000112c                _svfprintf_r
 .text._printf_common
                0x00001314       0xec c:/program files (x86)/cypress/psoc creator/4.2/psoc creator/import/gnu/arm/5.4.1/bin/../lib/gcc/arm-none-eabi/5.4.1/../../../../arm-none-eabi/lib/armv7-m\libg_nano.a(lib_a-nano-vfprintf_i.o)
                0x00001314                _printf_common
 .text._printf_i
                0x00001400      0x24c c:/program files (x86)/cypress/psoc creator/4.2/psoc creator/import/gnu/arm/5.4.1/bin/../lib/gcc/arm-none-eabi/5.4.1/../../../../arm-none-eabi/lib/armv7-m\libg_nano.a(lib_a-nano-vfprintf_i.o)
                0x00001400                _printf_i
 .text.memchr   0x0000164c       0x1c c:/program files (x86)/cypress/psoc creator/4.2/psoc creator/import/gnu/arm/5.4.1/bin/../lib/gcc/arm-none-eabi/5.4.1/../../../../arm-none-eabi/lib/armv7-m\libg_nano.a(lib_a-memchr-stub.o)
                0x0000164c                memchr
 .text.memmove  0x00001668       0x36 c:/program files (x86)/cypress/psoc creator/4.2/psoc creator/import/gnu/arm/5.4.1/bin/../lib/gcc/arm-none-eabi/5.4.1/../../../../arm-none-eabi/lib/armv7-m\libg_nano.a(lib_a-memmove.o)
                0x00001668                memmove
 *fill*         0x0000169e        0x2 
 .text._free_r  0x000016a0       0x98 c:/program files (x86)/cypress/psoc creator/4.2/psoc creator/import/gnu/arm/5.4.1/bin/../lib/gcc/arm-none-eabi/5.4.1/../../../../arm-none-eabi/lib/armv7-m\libg_nano.a(lib_a-nano-freer.o)
                0x000016a0                _free_r
 .text._malloc_r
                0x00001738       0xbc c:/program files (x86)/cypress/psoc creator/4.2/psoc creator/import/gnu/arm/5.4.1/bin/../lib/gcc/arm-none-eabi/5.4.1/../../../../arm-none-eabi/lib/armv7-m\libg_nano.a(lib_a-nano-mallocr.o)
                0x00001738                _malloc_r
 .text._realloc_r
                0x000017f4       0x4c c:/program files (x86)/cypress/psoc creator/4.2/psoc creator/import/gnu/arm/5.4.1/bin/../lib/gcc/arm-none-eabi/5.4.1/../../../../arm-none-eabi/lib/armv7-m\libg_nano.a(lib_a-nano-reallocr.o)
                0x000017f4                _realloc_r
 .text._sbrk_r  0x00001840       0x20 c:/program files (x86)/cypress/psoc creator/4.2/psoc creator/import/gnu/arm/5.4.1/bin/../lib/gcc/arm-none-eabi/5.4.1/../../../../arm-none-eabi/lib/armv7-m\libg_nano.a(lib_a-sbrkr.o)
                0x00001840                _sbrk_r
 .text.__malloc_lock
                0x00001860        0x2 c:/program files (x86)/cypress/psoc creator/4.2/psoc creator/import/gnu/arm/5.4.1/bin/../lib/gcc/arm-none-eabi/5.4.1/../../../../arm-none-eabi/lib/armv7-m\libg_nano.a(lib_a-mlock.o)
                0x00001860                __malloc_lock
 .text.__malloc_unlock
                0x00001862        0x2 c:/program files (x86)/cypress/psoc creator/4.2/psoc creator/import/gnu/arm/5.4.1/bin/../lib/gcc/arm-none-eabi/5.4.1/../../../../arm-none-eabi/lib/armv7-m\libg_nano.a(lib_a-mlock.o)
                0x00001862                __malloc_unlock
 .text._malloc_usable_size_r
                0x00001864       0x14 c:/program files (x86)/cypress/psoc creator/4.2/psoc creator/import/gnu/arm/5.4.1/bin/../lib/gcc/arm-none-eabi/5.4.1/../../../../arm-none-eabi/lib/armv7-m\libg_nano.a(lib_a-nano-msizer.o)
                0x00001864                _malloc_usable_size_r
 *(.plt)
 *(.gnu.warning)
 *(.glue_7t)
 .glue_7t       0x00001878        0x0 linker stubs
 *(.glue_7)
 .glue_7        0x00001878        0x0 linker stubs
 *(.vfp11_veneer)
 .vfp11_veneer  0x00001878        0x0 linker stubs
 *(.bootloader)
 *(.ARM.extab* .gnu.linkonce.armextab.*)
 *(.gcc_except_table)

.v4_bx          0x00001878        0x0
 .v4_bx         0x00001878        0x0 linker stubs

.iplt           0x00001878        0x0
 .iplt          0x00001878        0x0 c:/program files (x86)/cypress/psoc creator/4.2/psoc creator/import/gnu/arm/5.4.1/bin/../lib/gcc/arm-none-eabi/5.4.1/armv7-m/crtbegin.o

.eh_frame_hdr
 *(.eh_frame_hdr)

.eh_frame       0x00001878        0x4
 *(.eh_frame)
 .eh_frame      0x00001878        0x0 c:/program files (x86)/cypress/psoc creator/4.2/psoc creator/import/gnu/arm/5.4.1/bin/../lib/gcc/arm-none-eabi/5.4.1/armv7-m/crtbegin.o
 .eh_frame      0x00001878        0x4 c:/program files (x86)/cypress/psoc creator/4.2/psoc creator/import/gnu/arm/5.4.1/bin/../lib/gcc/arm-none-eabi/5.4.1/armv7-m/crtend.o
                [!provide]                PROVIDE (__exidx_start, .)

.ARM.exidx
 *(.ARM.exidx* .gnu.linkonce.armexidx.*)
                0x0000187c                __exidx_end = .

.rodata         0x0000187c      0x504
 *(.rodata .rodata.* .gnu.linkonce.r.*)
 .rodata.str1.4
                0x0000187c       0x14 .\CortexM3\ARM_GCC_541\Debug\main.o
                                 0x12 (size before relaxing)
 .rodata        0x00001890       0x1e .\CortexM3\ARM_GCC_541\Debug\cyfitter_cfg.o
 *fill*         0x000018ae        0x2 
 .rodata        0x000018b0      0x230 .\CortexM3\ARM_GCC_541\Debug\Design01.a(Driver.o)
 .rodata        0x00001ae0      0x230 .\CortexM3\ARM_GCC_541\Debug\Design01.a(Driver1.o)
 .rodata.str1.1
                0x00001d10        0x2 c:/program files (x86)/cypress/psoc creator/4.2/psoc creator/import/gnu/arm/5.4.1/bin/../lib/gcc/arm-none-eabi/5.4.1/../../../../arm-none-eabi/lib/armv7-m\libg_nano.a(lib_a-impure.o)
 .rodata.str1.1
                0x00001d12       0x11 c:/program files (x86)/cypress/psoc creator/4.2/psoc creator/import/gnu/arm/5.4.1/bin/../lib/gcc/arm-none-eabi/5.4.1/../../../../arm-none-eabi/lib/armv7-m\libg_nano.a(lib_a-nano-svfprintf.o)
 .rodata.str1.1
                0x00001d23       0x22 c:/program files (x86)/cypress/psoc creator/4.2/psoc creator/import/gnu/arm/5.4.1/bin/../lib/gcc/arm-none-eabi/5.4.1/../../../../arm-none-eabi/lib/armv7-m\libg_nano.a(lib_a-nano-vfprintf_i.o)
                0x00001d48                . = ALIGN (0x4)
 *fill*         0x00001d45        0x3 
 *(.init)
 .init          0x00001d48        0x4 c:/program files (x86)/cypress/psoc creator/4.2/psoc creator/import/gnu/arm/5.4.1/bin/../lib/gcc/arm-none-eabi/5.4.1/armv7-m/crti.o
                0x00001d48                _init
 .init          0x00001d4c        0x8 c:/program files (x86)/cypress/psoc creator/4.2/psoc creator/import/gnu/arm/5.4.1/bin/../lib/gcc/arm-none-eabi/5.4.1/armv7-m/crtn.o
                0x00001d54                . = ALIGN (0x4)
                0x00001d54                __preinit_array_start = .
 *(.preinit_array)
                0x00001d54                __preinit_array_end = .
                0x00001d54                . = ALIGN (0x4)
                0x00001d54                __init_array_start = .
 *(SORT(.init_array.*))
 *(.init_array)
 .init_array    0x00001d54        0x4 c:/program files (x86)/cypress/psoc creator/4.2/psoc creator/import/gnu/arm/5.4.1/bin/../lib/gcc/arm-none-eabi/5.4.1/armv7-m/crtbegin.o
 .init_array    0x00001d58        0x4 .\CortexM3\ARM_GCC_541\Debug\Cm3Start.o
                0x00001d5c                __init_array_end = .
                0x00001d5c                . = ALIGN (0x4)
 *(.fini)
 .fini          0x00001d5c        0x4 c:/program files (x86)/cypress/psoc creator/4.2/psoc creator/import/gnu/arm/5.4.1/bin/../lib/gcc/arm-none-eabi/5.4.1/armv7-m/crti.o
                0x00001d5c                _fini
 .fini          0x00001d60        0x8 c:/program files (x86)/cypress/psoc creator/4.2/psoc creator/import/gnu/arm/5.4.1/bin/../lib/gcc/arm-none-eabi/5.4.1/armv7-m/crtn.o
                0x00001d68                . = ALIGN (0x4)
                0x00001d68                __fini_array_start = .
 *(.fini_array)
 .fini_array    0x00001d68        0x4 c:/program files (x86)/cypress/psoc creator/4.2/psoc creator/import/gnu/arm/5.4.1/bin/../lib/gcc/arm-none-eabi/5.4.1/armv7-m/crtbegin.o
 *(SORT(.fini_array.*))
                0x00001d6c                __fini_array_end = .
                0x00001d6c                . = ALIGN (0x4)
 *crtbegin.o(.ctors)
 *(EXCLUDE_FILE(*crtend.o) .ctors)
 *(SORT(.ctors.*))
 *crtend.o(.ctors)
                0x00001d6c                . = ALIGN (0x4)
 *crtbegin.o(.dtors)
 *(EXCLUDE_FILE(*crtend.o) .dtors)
 *(SORT(.dtors.*))
 *crtend.o(.dtors)
                0x00001d6c                . = ALIGN (0x4)
                0x00001d6c                __cy_regions = .
                0x00001d6c        0x4 LONG 0x1d80 __cy_region_init_ram
                0x00001d70        0x4 LONG 0x1fff80c8 __cy_region_start_data
                0x00001d74        0x4 LONG 0xb0 __cy_region_init_size_ram
                0x00001d78        0x4 LONG 0x68 __cy_region_zero_size_ram
                0x00001d7c                __cy_regions_end = .
                0x00001d80                . = ALIGN (0x8)
 *fill*         0x00001d7c        0x4 
                0x00001d80                _etext = .

.cy_checksum_exclude
                0x00001d80        0x0
 *(.cy_checksum_exclude)

.ramvectors     0x1fff8000       0xc0
                0x1fff8000                __cy_region_start_ram = .
 *(.ramvectors)
 .ramvectors    0x1fff8000       0xc0 .\CortexM3\ARM_GCC_541\Debug\Cm3Start.o
                0x1fff8000                CyRamVectors

.noinit         0x1fff80c0        0x1
 *(.noinit)
 .noinit        0x1fff80c0        0x1 .\CortexM3\ARM_GCC_541\Debug\Design01.a(CyLib.o)
                0x1fff80c0                CyResetStatus

.data           0x1fff80c8       0xb0 load address 0x00001d80
                0x1fff80c8                __cy_region_start_data = .
 *(.jcr)
 .jcr           0x1fff80c8        0x0 c:/program files (x86)/cypress/psoc creator/4.2/psoc creator/import/gnu/arm/5.4.1/bin/../lib/gcc/arm-none-eabi/5.4.1/armv7-m/crtbegin.o
 .jcr           0x1fff80c8        0x4 c:/program files (x86)/cypress/psoc creator/4.2/psoc creator/import/gnu/arm/5.4.1/bin/../lib/gcc/arm-none-eabi/5.4.1/armv7-m/crtend.o
 *(.got.plt)
 *(.got)
 *(.shdata)
 *(.data .data.* .gnu.linkonce.d.*)
 .data          0x1fff80cc        0x4 .\CortexM3\ARM_GCC_541\Debug\Cm3Start.o
 .data          0x1fff80d0        0x8 .\CortexM3\ARM_GCC_541\Debug\Design01.a(CyDmac.o)
 .data          0x1fff80d8       0x10 .\CortexM3\ARM_GCC_541\Debug\Design01.a(CyLib.o)
                0x1fff80d8                cydelay_32k_ms
                0x1fff80dc                cydelay_freq_khz
                0x1fff80e0                cydelay_freq_mhz
                0x1fff80e4                cydelay_freq_hz
 .data          0x1fff80e8       0x10 .\CortexM3\ARM_GCC_541\Debug\Design01.a(Driver.o)
 .data          0x1fff80f8        0x1 .\CortexM3\ARM_GCC_541\Debug\Design01.a(Driver_DMA_Com_dma.o)
                0x1fff80f8                Driver_DMA_Com_DmaHandle
 .data          0x1fff80f9        0x1 .\CortexM3\ARM_GCC_541\Debug\Design01.a(Driver_DMA_Seg_dma.o)
                0x1fff80f9                Driver_DMA_Seg_DmaHandle
 *fill*         0x1fff80fa        0x2 
 .data          0x1fff80fc       0x10 .\CortexM3\ARM_GCC_541\Debug\Design01.a(Driver1.o)
 .data          0x1fff810c        0x1 .\CortexM3\ARM_GCC_541\Debug\Design01.a(Driver1_DMA_Com_dma.o)
                0x1fff810c                Driver1_DMA_Com_DmaHandle
 .data          0x1fff810d        0x1 .\CortexM3\ARM_GCC_541\Debug\Design01.a(Driver1_DMA_Seg_dma.o)
                0x1fff810d                Driver1_DMA_Seg_DmaHandle
 *fill*         0x1fff810e        0x2 
 .data.impure_data
                0x1fff8110       0x60 c:/program files (x86)/cypress/psoc creator/4.2/psoc creator/import/gnu/arm/5.4.1/bin/../lib/gcc/arm-none-eabi/5.4.1/../../../../arm-none-eabi/lib/armv7-m\libg_nano.a(lib_a-impure.o)
 .data._impure_ptr
                0x1fff8170        0x4 c:/program files (x86)/cypress/psoc creator/4.2/psoc creator/import/gnu/arm/5.4.1/bin/../lib/gcc/arm-none-eabi/5.4.1/../../../../arm-none-eabi/lib/armv7-m\libg_nano.a(lib_a-impure.o)
                0x1fff8170                _impure_ptr
                0x1fff8178                . = ALIGN (0x8)
 *fill*         0x1fff8174        0x4 
 *(.ram)
                0x1fff8178                _edata = .

.igot.plt       0x1fff8178        0x0 load address 0x00001e30
 .igot.plt      0x1fff8178        0x0 c:/program files (x86)/cypress/psoc creator/4.2/psoc creator/import/gnu/arm/5.4.1/bin/../lib/gcc/arm-none-eabi/5.4.1/armv7-m/crtbegin.o

.bss            0x1fff8178       0x68 load address 0x00001e30
                0x1fff8178                PROVIDE (__bss_start__, .)
 *(.shbss)
 *(.bss .bss.* .gnu.linkonce.b.*)
 .bss           0x1fff8178       0x1c c:/program files (x86)/cypress/psoc creator/4.2/psoc creator/import/gnu/arm/5.4.1/bin/../lib/gcc/arm-none-eabi/5.4.1/armv7-m/crtbegin.o
 .bss           0x1fff8194        0x2 .\CortexM3\ARM_GCC_541\Debug\Design01.a(LCD.o)
                0x1fff8194                LCD_enableState
                0x1fff8195                LCD_initVar
 *fill*         0x1fff8196        0x2 
 .bss           0x1fff8198       0x17 .\CortexM3\ARM_GCC_541\Debug\Design01.a(Driver.o)
                0x1fff81ac                Driver_enableVar
                0x1fff81ae                Driver_initVar
 *fill*         0x1fff81af        0x1 
 .bss           0x1fff81b0       0x17 .\CortexM3\ARM_GCC_541\Debug\Design01.a(Driver1.o)
                0x1fff81c4                Driver1_enableVar
                0x1fff81c6                Driver1_initVar
 *fill*         0x1fff81c7        0x1 
 .bss.__malloc_sbrk_start
                0x1fff81c8        0x4 c:/program files (x86)/cypress/psoc creator/4.2/psoc creator/import/gnu/arm/5.4.1/bin/../lib/gcc/arm-none-eabi/5.4.1/../../../../arm-none-eabi/lib/armv7-m\libg_nano.a(lib_a-nano-mallocr.o)
                0x1fff81c8                __malloc_sbrk_start
 .bss.__malloc_free_list
                0x1fff81cc        0x4 c:/program files (x86)/cypress/psoc creator/4.2/psoc creator/import/gnu/arm/5.4.1/bin/../lib/gcc/arm-none-eabi/5.4.1/../../../../arm-none-eabi/lib/armv7-m\libg_nano.a(lib_a-nano-mallocr.o)
                0x1fff81cc                __malloc_free_list
 *(COMMON)
 COMMON         0x1fff81d0        0x4 .\CortexM3\ARM_GCC_541\Debug\Design01.a(Driver.o)
                0x1fff81d0                Driver_segLBuffer
 COMMON         0x1fff81d4        0x4 .\CortexM3\ARM_GCC_541\Debug\Design01.a(Driver1.o)
                0x1fff81d4                Driver1_segLBuffer
 COMMON         0x1fff81d8        0x4 c:/program files (x86)/cypress/psoc creator/4.2/psoc creator/import/gnu/arm/5.4.1/bin/../lib/gcc/arm-none-eabi/5.4.1/../../../../arm-none-eabi/lib/armv7-m\libg_nano.a(lib_a-reent.o)
                0x1fff81d8                errno
                0x1fff81e0                . = ALIGN (0x8)
 *fill*         0x1fff81dc        0x4 
 *(.ram.b)
                0x1fff81e0                _end = .
                0x1fff81e0                __end = .
                0x1fff81e0                PROVIDE (end, .)
                0x1fff81e0                PROVIDE (__bss_end__, .)
                0x00001d80                __cy_region_init_ram = LOADADDR (.data)
                0x000000b0                __cy_region_init_size_ram = (_edata - ADDR (.data))
                0x00000068                __cy_region_zero_size_ram = (_end - _edata)

.heap           0x1fff81e0       0x80 load address 0x00001e30
                0x1fff81e0                . = _end
                0x1fff8260                . = (. + 0x80)
 *fill*         0x1fff81e0       0x80 
                0x1fff8260                __cy_heap_limit = .

.stack          0x20007800      0x800
                0x20007800                __cy_stack_limit = .
                0x20008000                . = (. + 0x800)
 *fill*         0x20007800      0x800 
                0x00000001                ASSERT ((__cy_stack_limit >= __cy_heap_limit), region RAM overflowed with stack)
                0x00000000                cy_checksum_exclude_size = (CY_APPL_LOADABLE == 0x1)?SIZEOF (.cy_checksum_exclude):0x0
                0x00000001                ASSERT ((cy_checksum_exclude_size <= CY_CHECKSUM_EXCLUDE_SIZE), CY_BOOT: Section .cy_checksum_exclude size exceedes specified limit.)

.cyloadermeta
 *(.cyloadermeta)

.cyloadablemeta
 *(.cyloadablemeta)

.cyconfigecc    0x80000000      0x4c4
 *(.cyconfigecc)
 .cyconfigecc   0x80000000      0x4c4 .\CortexM3\ARM_GCC_541\Debug\cymetadata.o
                0x80000000                cy_meta_configecc

.cycustnvl      0x90000000        0x4
 *(.cycustnvl)
 .cycustnvl     0x90000000        0x4 .\CortexM3\ARM_GCC_541\Debug\cymetadata.o
                0x90000000                cy_meta_custnvl

.cywolatch      0x90100000        0x4
 *(.cywolatch)
 .cywolatch     0x90100000        0x4 .\CortexM3\ARM_GCC_541\Debug\cymetadata.o
                0x90100000                cy_meta_wonvl

.cyeeprom       0x90200000        0x0
 *(.cyeeprom)
                0x00000001                ASSERT ((. <= ((0x90200000 + ee_offset) + ee_size)), .cyeeprom data will not fit in EEPROM)

.cyflashprotect
                0x90400000      0x100
 *(.cyflashprotect)
 .cyflashprotect
                0x90400000      0x100 .\CortexM3\ARM_GCC_541\Debug\cymetadata.o
                0x90400000                cy_meta_flashprotect

.cymeta         0x90500000        0xc
 *(.cymeta)
 .cymeta        0x90500000        0xc .\CortexM3\ARM_GCC_541\Debug\cymetadata.o
                0x90500000                cy_metadata

.rel.dyn        0x00001e30        0x0 load address 0x9050000c
 .rel.iplt      0x00001e30        0x0 c:/program files (x86)/cypress/psoc creator/4.2/psoc creator/import/gnu/arm/5.4.1/bin/../lib/gcc/arm-none-eabi/5.4.1/armv7-m/crtbegin.o

.stab
 *(.stab)

.stabstr
 *(.stabstr)

.debug
 *(.debug)

.line
 *(.line)

.debug_srcinfo
 *(.debug_srcinfo)

.debug_sfnames
 *(.debug_sfnames)

.debug_aranges  0x00000000      0xab8
 *(.debug_aranges)
 .debug_aranges
                0x00000000       0x20 .\CortexM3\ARM_GCC_541\Debug\main.o
 .debug_aranges
                0x00000020       0x58 .\CortexM3\ARM_GCC_541\Debug\cyfitter_cfg.o
 .debug_aranges
                0x00000078       0x18 .\CortexM3\ARM_GCC_541\Debug\cymetadata.o
 .debug_aranges
                0x00000090       0x48 .\CortexM3\ARM_GCC_541\Debug\Cm3Start.o
 .debug_aranges
                0x000000d8       0x38 .\CortexM3\ARM_GCC_541\Debug\Design01.a(SW.o)
 .debug_aranges
                0x00000110       0x38 .\CortexM3\ARM_GCC_541\Debug\Design01.a(SW2.o)
 .debug_aranges
                0x00000148       0xd8 .\CortexM3\ARM_GCC_541\Debug\Design01.a(CyDmac.o)
 .debug_aranges
                0x00000220      0x2a0 .\CortexM3\ARM_GCC_541\Debug\Design01.a(CyLib.o)
 .debug_aranges
                0x000004c0       0x98 .\CortexM3\ARM_GCC_541\Debug\Design01.a(cyPm.o)
 .debug_aranges
                0x00000558       0x98 .\CortexM3\ARM_GCC_541\Debug\Design01.a(LCD.o)
 .debug_aranges
                0x000005f0      0x158 .\CortexM3\ARM_GCC_541\Debug\Design01.a(Driver.o)
 .debug_aranges
                0x00000748       0x28 .\CortexM3\ARM_GCC_541\Debug\Design01.a(Driver_Com_Driver.o)
 .debug_aranges
                0x00000770       0x28 .\CortexM3\ARM_GCC_541\Debug\Design01.a(Driver_DMA_Com_dma.o)
 .debug_aranges
                0x00000798       0x28 .\CortexM3\ARM_GCC_541\Debug\Design01.a(Driver_DMA_Seg_dma.o)
 .debug_aranges
                0x000007c0      0x158 .\CortexM3\ARM_GCC_541\Debug\Design01.a(Driver1.o)
 .debug_aranges
                0x00000918       0x28 .\CortexM3\ARM_GCC_541\Debug\Design01.a(Driver1_Com_Driver.o)
 .debug_aranges
                0x00000940       0x28 .\CortexM3\ARM_GCC_541\Debug\Design01.a(Driver1_DMA_Com_dma.o)
 .debug_aranges
                0x00000968       0x28 .\CortexM3\ARM_GCC_541\Debug\Design01.a(Driver1_DMA_Seg_dma.o)
 .debug_aranges
                0x00000990       0x20 .\CortexM3\ARM_GCC_541\Debug\Design01.a(CyBootAsmGnu.o)
 .debug_aranges
                0x000009b0       0x88 .\CortexM3\ARM_GCC_541\Debug\Design01.a(CyFlash.o)
 .debug_aranges
                0x00000a38       0x80 .\CortexM3\ARM_GCC_541\Debug\Design01.a(CySpc.o)

.debug_pubnames
 *(.debug_pubnames)

.debug_info     0x00000000     0x8078
 *(.debug_info .gnu.linkonce.wi.*)
 .debug_info    0x00000000      0x536 .\CortexM3\ARM_GCC_541\Debug\main.o
 .debug_info    0x00000536      0x6c9 .\CortexM3\ARM_GCC_541\Debug\cyfitter_cfg.o
 .debug_info    0x00000bff      0x136 .\CortexM3\ARM_GCC_541\Debug\cymetadata.o
 .debug_info    0x00000d35      0x3cf .\CortexM3\ARM_GCC_541\Debug\Cm3Start.o
 .debug_info    0x00001104      0x11f .\CortexM3\ARM_GCC_541\Debug\Design01.a(SW.o)
 .debug_info    0x00001223      0x11f .\CortexM3\ARM_GCC_541\Debug\Design01.a(SW2.o)
 .debug_info    0x00001342      0x94e .\CortexM3\ARM_GCC_541\Debug\Design01.a(CyDmac.o)
 .debug_info    0x00001c90     0x1374 .\CortexM3\ARM_GCC_541\Debug\Design01.a(CyLib.o)
 .debug_info    0x00003004      0xa2a .\CortexM3\ARM_GCC_541\Debug\Design01.a(cyPm.o)
 .debug_info    0x00003a2e      0x715 .\CortexM3\ARM_GCC_541\Debug\Design01.a(LCD.o)
 .debug_info    0x00004143     0x1556 .\CortexM3\ARM_GCC_541\Debug\Design01.a(Driver.o)
 .debug_info    0x00005699       0xd6 .\CortexM3\ARM_GCC_541\Debug\Design01.a(Driver_Com_Driver.o)
 .debug_info    0x0000576f      0x1a8 .\CortexM3\ARM_GCC_541\Debug\Design01.a(Driver_DMA_Com_dma.o)
 .debug_info    0x00005917      0x1a8 .\CortexM3\ARM_GCC_541\Debug\Design01.a(Driver_DMA_Seg_dma.o)
 .debug_info    0x00005abf     0x1556 .\CortexM3\ARM_GCC_541\Debug\Design01.a(Driver1.o)
 .debug_info    0x00007015       0xd6 .\CortexM3\ARM_GCC_541\Debug\Design01.a(Driver1_Com_Driver.o)
 .debug_info    0x000070eb      0x1aa .\CortexM3\ARM_GCC_541\Debug\Design01.a(Driver1_DMA_Com_dma.o)
 .debug_info    0x00007295      0x1a8 .\CortexM3\ARM_GCC_541\Debug\Design01.a(Driver1_DMA_Seg_dma.o)
 .debug_info    0x0000743d       0x9e .\CortexM3\ARM_GCC_541\Debug\Design01.a(CyBootAsmGnu.o)
 .debug_info    0x000074db      0x64d .\CortexM3\ARM_GCC_541\Debug\Design01.a(CyFlash.o)
 .debug_info    0x00007b28      0x550 .\CortexM3\ARM_GCC_541\Debug\Design01.a(CySpc.o)

.debug_abbrev   0x00000000     0x1898
 *(.debug_abbrev)
 .debug_abbrev  0x00000000       0xde .\CortexM3\ARM_GCC_541\Debug\main.o
 .debug_abbrev  0x000000de      0x1fe .\CortexM3\ARM_GCC_541\Debug\cyfitter_cfg.o
 .debug_abbrev  0x000002dc       0x77 .\CortexM3\ARM_GCC_541\Debug\cymetadata.o
 .debug_abbrev  0x00000353      0x1e8 .\CortexM3\ARM_GCC_541\Debug\Cm3Start.o
 .debug_abbrev  0x0000053b       0x90 .\CortexM3\ARM_GCC_541\Debug\Design01.a(SW.o)
 .debug_abbrev  0x000005cb       0x90 .\CortexM3\ARM_GCC_541\Debug\Design01.a(SW2.o)
 .debug_abbrev  0x0000065b      0x1b2 .\CortexM3\ARM_GCC_541\Debug\Design01.a(CyDmac.o)
 .debug_abbrev  0x0000080d      0x254 .\CortexM3\ARM_GCC_541\Debug\Design01.a(CyLib.o)
 .debug_abbrev  0x00000a61      0x1ab .\CortexM3\ARM_GCC_541\Debug\Design01.a(cyPm.o)
 .debug_abbrev  0x00000c0c      0x157 .\CortexM3\ARM_GCC_541\Debug\Design01.a(LCD.o)
 .debug_abbrev  0x00000d63      0x1d8 .\CortexM3\ARM_GCC_541\Debug\Design01.a(Driver.o)
 .debug_abbrev  0x00000f3b       0x81 .\CortexM3\ARM_GCC_541\Debug\Design01.a(Driver_Com_Driver.o)
 .debug_abbrev  0x00000fbc       0xcd .\CortexM3\ARM_GCC_541\Debug\Design01.a(Driver_DMA_Com_dma.o)
 .debug_abbrev  0x00001089       0xcd .\CortexM3\ARM_GCC_541\Debug\Design01.a(Driver_DMA_Seg_dma.o)
 .debug_abbrev  0x00001156      0x1d8 .\CortexM3\ARM_GCC_541\Debug\Design01.a(Driver1.o)
 .debug_abbrev  0x0000132e       0x81 .\CortexM3\ARM_GCC_541\Debug\Design01.a(Driver1_Com_Driver.o)
 .debug_abbrev  0x000013af       0xcd .\CortexM3\ARM_GCC_541\Debug\Design01.a(Driver1_DMA_Com_dma.o)
 .debug_abbrev  0x0000147c       0xcd .\CortexM3\ARM_GCC_541\Debug\Design01.a(Driver1_DMA_Seg_dma.o)
 .debug_abbrev  0x00001549       0x14 .\CortexM3\ARM_GCC_541\Debug\Design01.a(CyBootAsmGnu.o)
 .debug_abbrev  0x0000155d      0x1a7 .\CortexM3\ARM_GCC_541\Debug\Design01.a(CyFlash.o)
 .debug_abbrev  0x00001704      0x194 .\CortexM3\ARM_GCC_541\Debug\Design01.a(CySpc.o)

.debug_line     0x00000000     0x30b9
 *(.debug_line)
 .debug_line    0x00000000      0x259 .\CortexM3\ARM_GCC_541\Debug\main.o
 .debug_line    0x00000259      0x1eb .\CortexM3\ARM_GCC_541\Debug\cyfitter_cfg.o
 .debug_line    0x00000444      0x141 .\CortexM3\ARM_GCC_541\Debug\cymetadata.o
 .debug_line    0x00000585      0x241 .\CortexM3\ARM_GCC_541\Debug\Cm3Start.o
 .debug_line    0x000007c6       0x8f .\CortexM3\ARM_GCC_541\Debug\Design01.a(SW.o)
 .debug_line    0x00000855       0x90 .\CortexM3\ARM_GCC_541\Debug\Design01.a(SW2.o)
 .debug_line    0x000008e5      0x2e4 .\CortexM3\ARM_GCC_541\Debug\Design01.a(CyDmac.o)
 .debug_line    0x00000bc9      0x816 .\CortexM3\ARM_GCC_541\Debug\Design01.a(CyLib.o)
 .debug_line    0x000013df      0x367 .\CortexM3\ARM_GCC_541\Debug\Design01.a(cyPm.o)
 .debug_line    0x00001746      0x1dc .\CortexM3\ARM_GCC_541\Debug\Design01.a(LCD.o)
 .debug_line    0x00001922      0x7c9 .\CortexM3\ARM_GCC_541\Debug\Design01.a(Driver.o)
 .debug_line    0x000020eb       0x79 .\CortexM3\ARM_GCC_541\Debug\Design01.a(Driver_Com_Driver.o)
 .debug_line    0x00002164       0x8b .\CortexM3\ARM_GCC_541\Debug\Design01.a(Driver_DMA_Com_dma.o)
 .debug_line    0x000021ef       0x8b .\CortexM3\ARM_GCC_541\Debug\Design01.a(Driver_DMA_Seg_dma.o)
 .debug_line    0x0000227a      0x7cd .\CortexM3\ARM_GCC_541\Debug\Design01.a(Driver1.o)
 .debug_line    0x00002a47       0x7a .\CortexM3\ARM_GCC_541\Debug\Design01.a(Driver1_Com_Driver.o)
 .debug_line    0x00002ac1       0x8c .\CortexM3\ARM_GCC_541\Debug\Design01.a(Driver1_DMA_Com_dma.o)
 .debug_line    0x00002b4d       0x8c .\CortexM3\ARM_GCC_541\Debug\Design01.a(Driver1_DMA_Seg_dma.o)
 .debug_line    0x00002bd9       0x66 .\CortexM3\ARM_GCC_541\Debug\Design01.a(CyBootAsmGnu.o)
 .debug_line    0x00002c3f      0x21a .\CortexM3\ARM_GCC_541\Debug\Design01.a(CyFlash.o)
 .debug_line    0x00002e59      0x260 .\CortexM3\ARM_GCC_541\Debug\Design01.a(CySpc.o)

.debug_frame    0x00000000     0x2148
 *(.debug_frame)
 .debug_frame   0x00000000       0x34 .\CortexM3\ARM_GCC_541\Debug\main.o
 .debug_frame   0x00000034       0xe4 .\CortexM3\ARM_GCC_541\Debug\cyfitter_cfg.o
 .debug_frame   0x00000118       0xb8 .\CortexM3\ARM_GCC_541\Debug\Cm3Start.o
 .debug_frame   0x000001d0       0x50 .\CortexM3\ARM_GCC_541\Debug\Design01.a(SW.o)
 .debug_frame   0x00000220       0x50 .\CortexM3\ARM_GCC_541\Debug\Design01.a(SW2.o)
 .debug_frame   0x00000270      0x1f8 .\CortexM3\ARM_GCC_541\Debug\Design01.a(CyDmac.o)
 .debug_frame   0x00000468      0x738 .\CortexM3\ARM_GCC_541\Debug\Design01.a(CyLib.o)
 .debug_frame   0x00000ba0      0x1f8 .\CortexM3\ARM_GCC_541\Debug\Design01.a(cyPm.o)
 .debug_frame   0x00000d98      0x1e8 .\CortexM3\ARM_GCC_541\Debug\Design01.a(LCD.o)
 .debug_frame   0x00000f80      0x490 .\CortexM3\ARM_GCC_541\Debug\Design01.a(Driver.o)
 .debug_frame   0x00001410       0x30 .\CortexM3\ARM_GCC_541\Debug\Design01.a(Driver_Com_Driver.o)
 .debug_frame   0x00001440       0x54 .\CortexM3\ARM_GCC_541\Debug\Design01.a(Driver_DMA_Com_dma.o)
 .debug_frame   0x00001494       0x54 .\CortexM3\ARM_GCC_541\Debug\Design01.a(Driver_DMA_Seg_dma.o)
 .debug_frame   0x000014e8      0x490 .\CortexM3\ARM_GCC_541\Debug\Design01.a(Driver1.o)
 .debug_frame   0x00001978       0x30 .\CortexM3\ARM_GCC_541\Debug\Design01.a(Driver1_Com_Driver.o)
 .debug_frame   0x000019a8       0x54 .\CortexM3\ARM_GCC_541\Debug\Design01.a(Driver1_DMA_Com_dma.o)
 .debug_frame   0x000019fc       0x54 .\CortexM3\ARM_GCC_541\Debug\Design01.a(Driver1_DMA_Seg_dma.o)
 .debug_frame   0x00001a50      0x194 .\CortexM3\ARM_GCC_541\Debug\Design01.a(CyFlash.o)
 .debug_frame   0x00001be4      0x180 .\CortexM3\ARM_GCC_541\Debug\Design01.a(CySpc.o)
 .debug_frame   0x00001d64       0x20 c:/program files (x86)/cypress/psoc creator/4.2/psoc creator/import/gnu/arm/5.4.1/bin/../lib/gcc/arm-none-eabi/5.4.1/../../../../arm-none-eabi/lib/armv7-m\libg_nano.a(lib_a-errno.o)
 .debug_frame   0x00001d84       0x28 c:/program files (x86)/cypress/psoc creator/4.2/psoc creator/import/gnu/arm/5.4.1/bin/../lib/gcc/arm-none-eabi/5.4.1/../../../../arm-none-eabi/lib/armv7-m\libg_nano.a(lib_a-exit.o)
 .debug_frame   0x00001dac       0x2c c:/program files (x86)/cypress/psoc creator/4.2/psoc creator/import/gnu/arm/5.4.1/bin/../lib/gcc/arm-none-eabi/5.4.1/../../../../arm-none-eabi/lib/armv7-m\libg_nano.a(lib_a-init.o)
 .debug_frame   0x00001dd8       0x28 c:/program files (x86)/cypress/psoc creator/4.2/psoc creator/import/gnu/arm/5.4.1/bin/../lib/gcc/arm-none-eabi/5.4.1/../../../../arm-none-eabi/lib/armv7-m\libg_nano.a(lib_a-memcpy-stub.o)
 .debug_frame   0x00001e00       0x20 c:/program files (x86)/cypress/psoc creator/4.2/psoc creator/import/gnu/arm/5.4.1/bin/../lib/gcc/arm-none-eabi/5.4.1/../../../../arm-none-eabi/lib/armv7-m\libg_nano.a(lib_a-memset.o)
 .debug_frame   0x00001e20       0x70 c:/program files (x86)/cypress/psoc creator/4.2/psoc creator/import/gnu/arm/5.4.1/bin/../lib/gcc/arm-none-eabi/5.4.1/../../../../arm-none-eabi/lib/armv7-m\libg_nano.a(lib_a-sprintf.o)
 .debug_frame   0x00001e90       0x90 c:/program files (x86)/cypress/psoc creator/4.2/psoc creator/import/gnu/arm/5.4.1/bin/../lib/gcc/arm-none-eabi/5.4.1/../../../../arm-none-eabi/lib/armv7-m\libg_nano.a(lib_a-nano-svfprintf.o)
 .debug_frame   0x00001f20       0x60 c:/program files (x86)/cypress/psoc creator/4.2/psoc creator/import/gnu/arm/5.4.1/bin/../lib/gcc/arm-none-eabi/5.4.1/../../../../arm-none-eabi/lib/armv7-m\libg_nano.a(lib_a-nano-vfprintf_i.o)
 .debug_frame   0x00001f80       0x28 c:/program files (x86)/cypress/psoc creator/4.2/psoc creator/import/gnu/arm/5.4.1/bin/../lib/gcc/arm-none-eabi/5.4.1/../../../../arm-none-eabi/lib/armv7-m\libg_nano.a(lib_a-memchr-stub.o)
 .debug_frame   0x00001fa8       0x28 c:/program files (x86)/cypress/psoc creator/4.2/psoc creator/import/gnu/arm/5.4.1/bin/../lib/gcc/arm-none-eabi/5.4.1/../../../../arm-none-eabi/lib/armv7-m\libg_nano.a(lib_a-memmove.o)
 .debug_frame   0x00001fd0       0x38 c:/program files (x86)/cypress/psoc creator/4.2/psoc creator/import/gnu/arm/5.4.1/bin/../lib/gcc/arm-none-eabi/5.4.1/../../../../arm-none-eabi/lib/armv7-m\libg_nano.a(lib_a-nano-freer.o)
 .debug_frame   0x00002008       0x2c c:/program files (x86)/cypress/psoc creator/4.2/psoc creator/import/gnu/arm/5.4.1/bin/../lib/gcc/arm-none-eabi/5.4.1/../../../../arm-none-eabi/lib/armv7-m\libg_nano.a(lib_a-nano-mallocr.o)
 .debug_frame   0x00002034       0x3c c:/program files (x86)/cypress/psoc creator/4.2/psoc creator/import/gnu/arm/5.4.1/bin/../lib/gcc/arm-none-eabi/5.4.1/../../../../arm-none-eabi/lib/armv7-m\libg_nano.a(lib_a-nano-reallocr.o)
 .debug_frame   0x00002070       0x2c c:/program files (x86)/cypress/psoc creator/4.2/psoc creator/import/gnu/arm/5.4.1/bin/../lib/gcc/arm-none-eabi/5.4.1/../../../../arm-none-eabi/lib/armv7-m\libg_nano.a(lib_a-sbrkr.o)
 .debug_frame   0x0000209c       0x30 c:/program files (x86)/cypress/psoc creator/4.2/psoc creator/import/gnu/arm/5.4.1/bin/../lib/gcc/arm-none-eabi/5.4.1/../../../../arm-none-eabi/lib/armv7-m\libg_nano.a(lib_a-mlock.o)
 .debug_frame   0x000020cc       0x20 c:/program files (x86)/cypress/psoc creator/4.2/psoc creator/import/gnu/arm/5.4.1/bin/../lib/gcc/arm-none-eabi/5.4.1/../../../../arm-none-eabi/lib/armv7-m\libg_nano.a(lib_a-nano-msizer.o)
 .debug_frame   0x000020ec       0x5c c:/program files (x86)/cypress/psoc creator/4.2/psoc creator/import/gnu/arm/5.4.1/bin/../lib/gcc/arm-none-eabi/5.4.1/../../../../arm-none-eabi/lib/armv7-m\libg_nano.a(lib_a-reent.o)

.debug_str      0x00000000     0x264f
 *(.debug_str)
 .debug_str     0x00000000      0x220 .\CortexM3\ARM_GCC_541\Debug\main.o
                                0x270 (size before relaxing)
 .debug_str     0x00000220      0x187 .\CortexM3\ARM_GCC_541\Debug\cyfitter_cfg.o
                                0x31d (size before relaxing)
 .debug_str     0x000003a7       0x7f .\CortexM3\ARM_GCC_541\Debug\cymetadata.o
                                0x1f2 (size before relaxing)
 .debug_str     0x00000426      0x154 .\CortexM3\ARM_GCC_541\Debug\Cm3Start.o
                                0x328 (size before relaxing)
 .debug_str     0x0000057a       0x54 .\CortexM3\ARM_GCC_541\Debug\Design01.a(SW.o)
                                0x1e1 (size before relaxing)
 .debug_str     0x000005ce       0x48 .\CortexM3\ARM_GCC_541\Debug\Design01.a(SW2.o)
                                0x1e6 (size before relaxing)
 .debug_str     0x00000616      0x392 .\CortexM3\ARM_GCC_541\Debug\Design01.a(CyDmac.o)
                                0x558 (size before relaxing)
 .debug_str     0x000009a8      0x7ec .\CortexM3\ARM_GCC_541\Debug\Design01.a(CyLib.o)
                                0xa55 (size before relaxing)
 .debug_str     0x00001194      0x365 .\CortexM3\ARM_GCC_541\Debug\Design01.a(cyPm.o)
                                0x741 (size before relaxing)
 .debug_str     0x000014f9      0x130 .\CortexM3\ARM_GCC_541\Debug\Design01.a(LCD.o)
                                0x339 (size before relaxing)
 .debug_str     0x00001629      0x621 .\CortexM3\ARM_GCC_541\Debug\Design01.a(Driver.o)
                                0x8d6 (size before relaxing)
 .debug_str     0x00001c4a       0x4a .\CortexM3\ARM_GCC_541\Debug\Design01.a(Driver_Com_Driver.o)
                                0x1e1 (size before relaxing)
 .debug_str     0x00001c94       0x9a .\CortexM3\ARM_GCC_541\Debug\Design01.a(Driver_DMA_Com_dma.o)
                                0x29e (size before relaxing)
 .debug_str     0x00001d2e       0x5f .\CortexM3\ARM_GCC_541\Debug\Design01.a(Driver_DMA_Seg_dma.o)
                                0x29e (size before relaxing)
 .debug_str     0x00001d8d      0x553 .\CortexM3\ARM_GCC_541\Debug\Design01.a(Driver1.o)
                                0x915 (size before relaxing)
 .debug_str     0x000022e0       0x44 .\CortexM3\ARM_GCC_541\Debug\Design01.a(Driver1_Com_Driver.o)
                                0x1e4 (size before relaxing)
 .debug_str     0x00002324       0x62 .\CortexM3\ARM_GCC_541\Debug\Design01.a(Driver1_DMA_Com_dma.o)
                                0x2a2 (size before relaxing)
 .debug_str     0x00002386       0x62 .\CortexM3\ARM_GCC_541\Debug\Design01.a(Driver1_DMA_Seg_dma.o)
                                0x2a2 (size before relaxing)
 .debug_str     0x000023e8      0x1bb .\CortexM3\ARM_GCC_541\Debug\Design01.a(CyFlash.o)
                                0x3ce (size before relaxing)
 .debug_str     0x000025a3       0xac .\CortexM3\ARM_GCC_541\Debug\Design01.a(CySpc.o)
                                0x346 (size before relaxing)

.debug_loc      0x00000000     0x5bbe
 *(.debug_loc)
 .debug_loc     0x00000000       0x6d .\CortexM3\ARM_GCC_541\Debug\main.o
 .debug_loc     0x0000006d      0x1d7 .\CortexM3\ARM_GCC_541\Debug\cyfitter_cfg.o
 .debug_loc     0x00000244      0x144 .\CortexM3\ARM_GCC_541\Debug\Cm3Start.o
 .debug_loc     0x00000388       0x42 .\CortexM3\ARM_GCC_541\Debug\Design01.a(SW.o)
 .debug_loc     0x000003ca       0x42 .\CortexM3\ARM_GCC_541\Debug\Design01.a(SW2.o)
 .debug_loc     0x0000040c      0xb8e .\CortexM3\ARM_GCC_541\Debug\Design01.a(CyDmac.o)
 .debug_loc     0x00000f9a      0xa11 .\CortexM3\ARM_GCC_541\Debug\Design01.a(CyLib.o)
 .debug_loc     0x000019ab      0x1e4 .\CortexM3\ARM_GCC_541\Debug\Design01.a(cyPm.o)
 .debug_loc     0x00001b8f      0x3c6 .\CortexM3\ARM_GCC_541\Debug\Design01.a(LCD.o)
 .debug_loc     0x00001f55     0x17d1 .\CortexM3\ARM_GCC_541\Debug\Design01.a(Driver.o)
 .debug_loc     0x00003726       0x84 .\CortexM3\ARM_GCC_541\Debug\Design01.a(Driver_DMA_Com_dma.o)
 .debug_loc     0x000037aa       0x84 .\CortexM3\ARM_GCC_541\Debug\Design01.a(Driver_DMA_Seg_dma.o)
 .debug_loc     0x0000382e     0x17d1 .\CortexM3\ARM_GCC_541\Debug\Design01.a(Driver1.o)
 .debug_loc     0x00004fff       0x84 .\CortexM3\ARM_GCC_541\Debug\Design01.a(Driver1_DMA_Com_dma.o)
 .debug_loc     0x00005083       0x84 .\CortexM3\ARM_GCC_541\Debug\Design01.a(Driver1_DMA_Seg_dma.o)
 .debug_loc     0x00005107      0x3b2 .\CortexM3\ARM_GCC_541\Debug\Design01.a(CyFlash.o)
 .debug_loc     0x000054b9      0x705 .\CortexM3\ARM_GCC_541\Debug\Design01.a(CySpc.o)

.debug_macinfo
 *(.debug_macinfo)

.debug_ranges   0x00000000      0x950
 *(.debug_ranges)
 .debug_ranges  0x00000000       0x10 .\CortexM3\ARM_GCC_541\Debug\main.o
 .debug_ranges  0x00000010       0x48 .\CortexM3\ARM_GCC_541\Debug\cyfitter_cfg.o
 .debug_ranges  0x00000058       0x38 .\CortexM3\ARM_GCC_541\Debug\Cm3Start.o
 .debug_ranges  0x00000090       0x28 .\CortexM3\ARM_GCC_541\Debug\Design01.a(SW.o)
 .debug_ranges  0x000000b8       0x28 .\CortexM3\ARM_GCC_541\Debug\Design01.a(SW2.o)
 .debug_ranges  0x000000e0       0xc8 .\CortexM3\ARM_GCC_541\Debug\Design01.a(CyDmac.o)
 .debug_ranges  0x000001a8      0x290 .\CortexM3\ARM_GCC_541\Debug\Design01.a(CyLib.o)
 .debug_ranges  0x00000438       0x88 .\CortexM3\ARM_GCC_541\Debug\Design01.a(cyPm.o)
 .debug_ranges  0x000004c0       0x88 .\CortexM3\ARM_GCC_541\Debug\Design01.a(LCD.o)
 .debug_ranges  0x00000548      0x148 .\CortexM3\ARM_GCC_541\Debug\Design01.a(Driver.o)
 .debug_ranges  0x00000690       0x18 .\CortexM3\ARM_GCC_541\Debug\Design01.a(Driver_Com_Driver.o)
 .debug_ranges  0x000006a8       0x18 .\CortexM3\ARM_GCC_541\Debug\Design01.a(Driver_DMA_Com_dma.o)
 .debug_ranges  0x000006c0       0x18 .\CortexM3\ARM_GCC_541\Debug\Design01.a(Driver_DMA_Seg_dma.o)
 .debug_ranges  0x000006d8      0x148 .\CortexM3\ARM_GCC_541\Debug\Design01.a(Driver1.o)
 .debug_ranges  0x00000820       0x18 .\CortexM3\ARM_GCC_541\Debug\Design01.a(Driver1_Com_Driver.o)
 .debug_ranges  0x00000838       0x18 .\CortexM3\ARM_GCC_541\Debug\Design01.a(Driver1_DMA_Com_dma.o)
 .debug_ranges  0x00000850       0x18 .\CortexM3\ARM_GCC_541\Debug\Design01.a(Driver1_DMA_Seg_dma.o)
 .debug_ranges  0x00000868       0x78 .\CortexM3\ARM_GCC_541\Debug\Design01.a(CyFlash.o)
 .debug_ranges  0x000008e0       0x70 .\CortexM3\ARM_GCC_541\Debug\Design01.a(CySpc.o)

.comment        0x00000000       0x6e
 .comment       0x00000000       0x6e .\CortexM3\ARM_GCC_541\Debug\main.o
                                 0x6f (size before relaxing)
 .comment       0x0000006e       0x6f .\CortexM3\ARM_GCC_541\Debug\cyfitter_cfg.o
 .comment       0x0000006e       0x6f .\CortexM3\ARM_GCC_541\Debug\cymetadata.o
 .comment       0x0000006e       0x6f .\CortexM3\ARM_GCC_541\Debug\Cm3Start.o
 .comment       0x0000006e       0x6f .\CortexM3\ARM_GCC_541\Debug\Design01.a(SW.o)
 .comment       0x0000006e       0x6f .\CortexM3\ARM_GCC_541\Debug\Design01.a(SW2.o)
 .comment       0x0000006e       0x6f .\CortexM3\ARM_GCC_541\Debug\Design01.a(CyDmac.o)
 .comment       0x0000006e       0x6f .\CortexM3\ARM_GCC_541\Debug\Design01.a(CyLib.o)
 .comment       0x0000006e       0x6f .\CortexM3\ARM_GCC_541\Debug\Design01.a(cyPm.o)
 .comment       0x0000006e       0x6f .\CortexM3\ARM_GCC_541\Debug\Design01.a(LCD.o)
 .comment       0x0000006e       0x6f .\CortexM3\ARM_GCC_541\Debug\Design01.a(Driver.o)
 .comment       0x0000006e       0x6f .\CortexM3\ARM_GCC_541\Debug\Design01.a(Driver_Com_Driver.o)
 .comment       0x0000006e       0x6f .\CortexM3\ARM_GCC_541\Debug\Design01.a(Driver_DMA_Com_dma.o)
 .comment       0x0000006e       0x6f .\CortexM3\ARM_GCC_541\Debug\Design01.a(Driver_DMA_Seg_dma.o)
 .comment       0x0000006e       0x6f .\CortexM3\ARM_GCC_541\Debug\Design01.a(Driver1.o)
 .comment       0x0000006e       0x6f .\CortexM3\ARM_GCC_541\Debug\Design01.a(Driver1_Com_Driver.o)
 .comment       0x0000006e       0x6f .\CortexM3\ARM_GCC_541\Debug\Design01.a(Driver1_DMA_Com_dma.o)
 .comment       0x0000006e       0x6f .\CortexM3\ARM_GCC_541\Debug\Design01.a(Driver1_DMA_Seg_dma.o)
 .comment       0x0000006e       0x6f .\CortexM3\ARM_GCC_541\Debug\Design01.a(CyFlash.o)
 .comment       0x0000006e       0x6f .\CortexM3\ARM_GCC_541\Debug\Design01.a(CySpc.o)

.debug_weaknames
 *(.debug_weaknames)

.debug_funcnames
 *(.debug_funcnames)

.debug_typenames
 *(.debug_typenames)

.debug_varnames
 *(.debug_varnames)

.note.gnu.arm.ident
 *(.note.gnu.arm.ident)

.ARM.attributes
                0x00000000       0x29
 *(.ARM.attributes)
 .ARM.attributes
                0x00000000       0x1d c:/program files (x86)/cypress/psoc creator/4.2/psoc creator/import/gnu/arm/5.4.1/bin/../lib/gcc/arm-none-eabi/5.4.1/armv7-m/crti.o
 .ARM.attributes
                0x0000001d       0x2d c:/program files (x86)/cypress/psoc creator/4.2/psoc creator/import/gnu/arm/5.4.1/bin/../lib/gcc/arm-none-eabi/5.4.1/armv7-m/crtbegin.o
 .ARM.attributes
                0x0000004a       0x1b c:/program files (x86)/cypress/psoc creator/4.2/psoc creator/import/gnu/arm/5.4.1/bin/../lib/gcc/arm-none-eabi/5.4.1/../../../../arm-none-eabi/lib/armv7-m/crt0.o
 .ARM.attributes
                0x00000065       0x33 .\CortexM3\ARM_GCC_541\Debug\main.o
 .ARM.attributes
                0x00000098       0x33 .\CortexM3\ARM_GCC_541\Debug\cyfitter_cfg.o
 .ARM.attributes
                0x000000cb       0x33 .\CortexM3\ARM_GCC_541\Debug\cymetadata.o
 .ARM.attributes
                0x000000fe       0x33 .\CortexM3\ARM_GCC_541\Debug\Cm3Start.o
 .ARM.attributes
                0x00000131       0x33 .\CortexM3\ARM_GCC_541\Debug\Design01.a(SW.o)
 .ARM.attributes
                0x00000164       0x33 .\CortexM3\ARM_GCC_541\Debug\Design01.a(SW2.o)
 .ARM.attributes
                0x00000197       0x33 .\CortexM3\ARM_GCC_541\Debug\Design01.a(CyDmac.o)
 .ARM.attributes
                0x000001ca       0x33 .\CortexM3\ARM_GCC_541\Debug\Design01.a(CyLib.o)
 .ARM.attributes
                0x000001fd       0x33 .\CortexM3\ARM_GCC_541\Debug\Design01.a(cyPm.o)
 .ARM.attributes
                0x00000230       0x33 .\CortexM3\ARM_GCC_541\Debug\Design01.a(LCD.o)
 .ARM.attributes
                0x00000263       0x33 .\CortexM3\ARM_GCC_541\Debug\Design01.a(Driver.o)
 .ARM.attributes
                0x00000296       0x33 .\CortexM3\ARM_GCC_541\Debug\Design01.a(Driver_Com_Driver.o)
 .ARM.attributes
                0x000002c9       0x33 .\CortexM3\ARM_GCC_541\Debug\Design01.a(Driver_DMA_Com_dma.o)
 .ARM.attributes
                0x000002fc       0x33 .\CortexM3\ARM_GCC_541\Debug\Design01.a(Driver_DMA_Seg_dma.o)
 .ARM.attributes
                0x0000032f       0x33 .\CortexM3\ARM_GCC_541\Debug\Design01.a(Driver1.o)
 .ARM.attributes
                0x00000362       0x33 .\CortexM3\ARM_GCC_541\Debug\Design01.a(Driver1_Com_Driver.o)
 .ARM.attributes
                0x00000395       0x33 .\CortexM3\ARM_GCC_541\Debug\Design01.a(Driver1_DMA_Com_dma.o)
 .ARM.attributes
                0x000003c8       0x33 .\CortexM3\ARM_GCC_541\Debug\Design01.a(Driver1_DMA_Seg_dma.o)
 .ARM.attributes
                0x000003fb       0x21 .\CortexM3\ARM_GCC_541\Debug\Design01.a(CyBootAsmGnu.o)
 .ARM.attributes
                0x0000041c       0x33 .\CortexM3\ARM_GCC_541\Debug\Design01.a(CyFlash.o)
 .ARM.attributes
                0x0000044f       0x33 .\CortexM3\ARM_GCC_541\Debug\Design01.a(CySpc.o)
 .ARM.attributes
                0x00000482       0x2d c:/program files (x86)/cypress/psoc creator/4.2/psoc creator/import/gnu/arm/5.4.1/bin/../lib/gcc/arm-none-eabi/5.4.1/../../../../arm-none-eabi/lib/armv7-m\libg_nano.a(lib_a-errno.o)
 .ARM.attributes
                0x000004af       0x2d c:/program files (x86)/cypress/psoc creator/4.2/psoc creator/import/gnu/arm/5.4.1/bin/../lib/gcc/arm-none-eabi/5.4.1/../../../../arm-none-eabi/lib/armv7-m\libg_nano.a(lib_a-exit.o)
 .ARM.attributes
                0x000004dc       0x2d c:/program files (x86)/cypress/psoc creator/4.2/psoc creator/import/gnu/arm/5.4.1/bin/../lib/gcc/arm-none-eabi/5.4.1/../../../../arm-none-eabi/lib/armv7-m\libg_nano.a(lib_a-impure.o)
 .ARM.attributes
                0x00000509       0x2d c:/program files (x86)/cypress/psoc creator/4.2/psoc creator/import/gnu/arm/5.4.1/bin/../lib/gcc/arm-none-eabi/5.4.1/../../../../arm-none-eabi/lib/armv7-m\libg_nano.a(lib_a-init.o)
 .ARM.attributes
                0x00000536       0x2d c:/program files (x86)/cypress/psoc creator/4.2/psoc creator/import/gnu/arm/5.4.1/bin/../lib/gcc/arm-none-eabi/5.4.1/../../../../arm-none-eabi/lib/armv7-m\libg_nano.a(lib_a-memcpy-stub.o)
 .ARM.attributes
                0x00000563       0x2d c:/program files (x86)/cypress/psoc creator/4.2/psoc creator/import/gnu/arm/5.4.1/bin/../lib/gcc/arm-none-eabi/5.4.1/../../../../arm-none-eabi/lib/armv7-m\libg_nano.a(lib_a-memset.o)
 .ARM.attributes
                0x00000590       0x2d c:/program files (x86)/cypress/psoc creator/4.2/psoc creator/import/gnu/arm/5.4.1/bin/../lib/gcc/arm-none-eabi/5.4.1/../../../../arm-none-eabi/lib/armv7-m\libg_nano.a(lib_a-sprintf.o)
 .ARM.attributes
                0x000005bd       0x17 c:/program files (x86)/cypress/psoc creator/4.2/psoc creator/import/gnu/arm/5.4.1/bin/../lib/gcc/arm-none-eabi/5.4.1/../../../../arm-none-eabi/lib/armv7-m\libg_nano.a(lib_a-strlen.o)
 .ARM.attributes
                0x000005d4       0x2d c:/program files (x86)/cypress/psoc creator/4.2/psoc creator/import/gnu/arm/5.4.1/bin/../lib/gcc/arm-none-eabi/5.4.1/../../../../arm-none-eabi/lib/armv7-m\libg_nano.a(lib_a-nano-svfprintf.o)
 .ARM.attributes
                0x00000601       0x2d c:/program files (x86)/cypress/psoc creator/4.2/psoc creator/import/gnu/arm/5.4.1/bin/../lib/gcc/arm-none-eabi/5.4.1/../../../../arm-none-eabi/lib/armv7-m\libg_nano.a(lib_a-nano-vfprintf_i.o)
 .ARM.attributes
                0x0000062e       0x2d c:/program files (x86)/cypress/psoc creator/4.2/psoc creator/import/gnu/arm/5.4.1/bin/../lib/gcc/arm-none-eabi/5.4.1/../../../../arm-none-eabi/lib/armv7-m\libg_nano.a(lib_a-memchr-stub.o)
 .ARM.attributes
                0x0000065b       0x2d c:/program files (x86)/cypress/psoc creator/4.2/psoc creator/import/gnu/arm/5.4.1/bin/../lib/gcc/arm-none-eabi/5.4.1/../../../../arm-none-eabi/lib/armv7-m\libg_nano.a(lib_a-memmove.o)
 .ARM.attributes
                0x00000688       0x2d c:/program files (x86)/cypress/psoc creator/4.2/psoc creator/import/gnu/arm/5.4.1/bin/../lib/gcc/arm-none-eabi/5.4.1/../../../../arm-none-eabi/lib/armv7-m\libg_nano.a(lib_a-nano-freer.o)
 .ARM.attributes
                0x000006b5       0x2d c:/program files (x86)/cypress/psoc creator/4.2/psoc creator/import/gnu/arm/5.4.1/bin/../lib/gcc/arm-none-eabi/5.4.1/../../../../arm-none-eabi/lib/armv7-m\libg_nano.a(lib_a-nano-mallocr.o)
 .ARM.attributes
                0x000006e2       0x2d c:/program files (x86)/cypress/psoc creator/4.2/psoc creator/import/gnu/arm/5.4.1/bin/../lib/gcc/arm-none-eabi/5.4.1/../../../../arm-none-eabi/lib/armv7-m\libg_nano.a(lib_a-nano-reallocr.o)
 .ARM.attributes
                0x0000070f       0x2d c:/program files (x86)/cypress/psoc creator/4.2/psoc creator/import/gnu/arm/5.4.1/bin/../lib/gcc/arm-none-eabi/5.4.1/../../../../arm-none-eabi/lib/armv7-m\libg_nano.a(lib_a-sbrkr.o)
 .ARM.attributes
                0x0000073c       0x2d c:/program files (x86)/cypress/psoc creator/4.2/psoc creator/import/gnu/arm/5.4.1/bin/../lib/gcc/arm-none-eabi/5.4.1/../../../../arm-none-eabi/lib/armv7-m\libg_nano.a(lib_a-mlock.o)
 .ARM.attributes
                0x00000769       0x2d c:/program files (x86)/cypress/psoc creator/4.2/psoc creator/import/gnu/arm/5.4.1/bin/../lib/gcc/arm-none-eabi/5.4.1/../../../../arm-none-eabi/lib/armv7-m\libg_nano.a(lib_a-nano-msizer.o)
 .ARM.attributes
                0x00000796       0x2d c:/program files (x86)/cypress/psoc creator/4.2/psoc creator/import/gnu/arm/5.4.1/bin/../lib/gcc/arm-none-eabi/5.4.1/../../../../arm-none-eabi/lib/armv7-m\libg_nano.a(lib_a-reent.o)
 .ARM.attributes
                0x000007c3       0x2d c:/program files (x86)/cypress/psoc creator/4.2/psoc creator/import/gnu/arm/5.4.1/bin/../lib/gcc/arm-none-eabi/5.4.1/armv7-m/crtend.o
 .ARM.attributes
                0x000007f0       0x1d c:/program files (x86)/cypress/psoc creator/4.2/psoc creator/import/gnu/arm/5.4.1/bin/../lib/gcc/arm-none-eabi/5.4.1/armv7-m/crtn.o

/DISCARD/
 *(.note.GNU-stack)
OUTPUT(C:\Users\tmj32\Documents\TCNJ\Current Sem5\Finalproj\Workspace01\Design01.cydsn\CortexM3\ARM_GCC_541\Debug\Design01.elf elf32-littlearm)
